
> lunas-os@0.1.0 dev /Users/abenton333/LUNAS-OS
> PORT=${PORT:-4010} next dev -p ${PORT:-4010}

   ▲ Next.js 16.0.10 (Turbopack)
   - Local:         http://localhost:4010
   - Network:       http://192.168.1.112:4010
   - Environments: .env.local

 ✓ Starting...
 ✓ Ready in 714ms
 GET /dispatch 200 in 2.3s (compile: 1987ms, render: 282ms)
 GET /login 200 in 478ms (compile: 408ms, render: 71ms)
 GET /api/auth/session 200 in 2.2s (compile: 2.1s, render: 35ms)
 GET /api/auth/session 200 in 17ms (compile: 9ms, render: 8ms)
 GET /api/auth/providers 200 in 40ms (compile: 15ms, render: 25ms)
 GET /api/auth/csrf 200 in 12ms (compile: 4ms, render: 8ms)
[auth] Authorizing...
[auth] Checking user: admin@lunas.local
[auth] User found: 3feadc8b-8b51-474e-b016-f12b89cf6f1b ADMIN
[auth] Verifying password...
[auth] Password valid: true
[auth] Valid credentials from DB for: admin@lunas.local
 POST /api/auth/callback/credentials? 200 in 393ms (compile: 4ms, render: 389ms)
 GET /api/auth/session 200 in 20ms (compile: 4ms, render: 16ms)
 ○ Compiling /dashboard ...
 GET /dashboard 200 in 3.7s (compile: 3.2s, render: 516ms)
 GET /api/me 200 in 653ms (compile: 584ms, render: 69ms)
 GET /api/job-requests/recent 200 in 700ms (compile: 628ms, render: 72ms)
 GET /api/blue-book 200 in 762ms (compile: 619ms, render: 143ms)
 GET /dispatch 200 in 736ms (compile: 94ms, render: 642ms)
 GET /api/auth/session 200 in 234ms (compile: 46ms, render: 189ms)
 GET /api/auth/session 200 in 98ms (compile: 11ms, render: 86ms)
 GET /api/auth/session 200 in 178ms (compile: 12ms, render: 165ms)
 GET /api/dispatch-batches 200 in 3.1s (compile: 2.5s, render: 621ms)
 GET /schedule 200 in 760ms (compile: 663ms, render: 97ms)
 GET /api/auth/session 200 in 43ms (compile: 15ms, render: 28ms)
 GET /api/auth/session 200 in 58ms (compile: 12ms, render: 46ms)
 GET /api/auth/session 200 in 54ms (compile: 17ms, render: 37ms)
 GET /api/auth/session 200 in 101ms (compile: 8ms, render: 93ms)
 GET /api/assignments?status=DRAFT 200 in 597ms (compile: 373ms, render: 224ms)
 GET /api/crews 200 in 597ms (compile: 401ms, render: 197ms)
 GET /api/schedule/blue-book?start=2025-12-18&end=2026-01-01 200 in 752ms (compile: 585ms, render: 167ms)
 GET /dispatch 200 in 61ms (compile: 31ms, render: 30ms)
 GET /api/dispatch-batches 200 in 26ms (compile: 4ms, render: 22ms)
 GET /dispatch/3d407e2e-aba5-47d9-9773-48d3d346fecb 200 in 930ms (compile: 893ms, render: 37ms)
Error fetching dispatch batch detail: TypeError: Cannot read properties of undefined (reading 'referencedTable')
    at ignore-listed frames
 GET /api/dispatch-batches/3d407e2e-aba5-47d9-9773-48d3d346fecb 500 in 687ms (compile: 648ms, render: 39ms)
 GET /dispatch 200 in 15ms (compile: 3ms, render: 11ms)
 GET /dispatch/3634423e-2bde-4d27-a375-eac362ad4bb3 200 in 41ms (compile: 25ms, render: 16ms)
Error fetching dispatch batch detail: TypeError: Cannot read properties of undefined (reading 'referencedTable')
    at ignore-listed frames
 GET /api/dispatch-batches/3634423e-2bde-4d27-a375-eac362ad4bb3 500 in 38ms (compile: 12ms, render: 26ms)
 GET /blue-book 200 in 536ms (compile: 503ms, render: 33ms)
 GET /api/blue-book?page=1&pageSize=25&sort=startDate&search= 200 in 67ms (compile: 4ms, render: 63ms)
 GET /api/builders 200 in 215ms (compile: 134ms, render: 81ms)
 GET /api/services 200 in 207ms (compile: 151ms, render: 57ms)
 GET /api/communities 200 in 383ms (compile: 174ms, render: 209ms)
 GET /api/model-plans 200 in 389ms (compile: 203ms, render: 186ms)
 GET /dispatch 200 in 30ms (compile: 12ms, render: 18ms)
 GET /schedule 200 in 28ms (compile: 8ms, render: 19ms)
 GET /dispatch 200 in 79ms (compile: 47ms, render: 32ms)
 GET /blue-book 200 in 24ms (compile: 6ms, render: 18ms)
 GET /api/blue-book?page=1&pageSize=25&sort=startDate&search=&builderId=64a145a6-bb10-42fe-a8d3-85946142d985 200 in 117ms (compile: 4ms, render: 112ms)
 GET /dispatch 200 in 27ms (compile: 7ms, render: 20ms)
 GET /schedule 200 in 23ms (compile: 8ms, render: 14ms)
 GET /dispatch 200 in 28ms (compile: 8ms, render: 19ms)
